<?xml version="1.0" encoding="UTF-8"?>
<tapeutape version="0.1.0">
  <options globalvolume="1.000000" max_polyphony="100">
    <jack-output name="Snares"/>
    <jack-output name="Cymbales"/>
    <jack-output name="Continua"/>
    <jack-output name="Samples"/>
    <jack-output name="Kicks"/>
  </options>
  <creation>
    <setup name="ExcessiveSCset" channel="1" cc="-1">
      <kit name="ExcessiveSCkit" volume="1.000000">
        <instrument name="MetaBKick" minnote="48" maxnote="48" rootnote="48" rootnotefine="0.000000" channel="10" cut="-1" polyphony="0" output="Kicks" volume="0.473333" pan="0.000000" pitch_over_range="true" play_mode="normal" play_loop="no" play_reverse="no">
          <variation minveloc="0" maxveloc="127" sample="/home/woii/Sebkha-Chott/Stage/MAO/Samples/Kicks/Gunshot1/Gunshot1_101-127.wav" sampleRelative="Kicks/Gunshot1/Gunshot1_101-127.wav"/>
        </instrument>
        <instrument name="HxCSnare" minnote="64" maxnote="64" rootnote="64" rootnotefine="0.000000" channel="10" cut="-1" polyphony="0" output="Snares" volume="0.900000" pan="0.000000" pitch_over_range="true" play_mode="normal" play_loop="no" play_reverse="no">
          <variation minveloc="0" maxveloc="127" sample="/home/woii/Sebkha-Chott/Stage/MAO/Samples/Snares/SNTasch/SNTasch_101-127.wav" sampleRelative="Snares/SNTasch/SNTasch_101-127.wav"/>
        </instrument>
        <instrument name="DestructHH" minnote="76" maxnote="76" rootnote="76" rootnotefine="0.000000" channel="10" cut="-1" polyphony="0" output="Cymbales" volume="0.910000" pan="-0.560000" pitch_over_range="true" play_mode="normal" play_loop="no" play_reverse="no">
          <variation minveloc="0" maxveloc="127" sample="/home/woii/Sebkha-Chott/Stage/MAO/Samples/Cymbales/CymbTrp1/CymTrp1_101-127.wav" sampleRelative="Cymbales/CymbTrp1/CymTrp1_101-127.wav"/>
        </instrument>
        <instrument name="DerboukRide" minnote="79" maxnote="79" rootnote="79" rootnotefine="0.000000" channel="10" cut="-1" polyphony="0" output="Cymbales" volume="1.000000" pan="0.400000" pitch_over_range="true" play_mode="normal" play_loop="no" play_reverse="no">
          <variation minveloc="0" maxveloc="127" sample="/home/woii/Sebkha-Chott/Stage/MAO/Samples/Percs/Derbouk1/Derbouk1Fine_101-127.wav" sampleRelative="Percs/Derbouk1/Derbouk1Fine_101-127.wav"/>
        </instrument>
        <instrument name="DerboukCrash" minnote="77" maxnote="77" rootnote="77" rootnotefine="0.000000" channel="10" cut="-1" polyphony="0" output="Cymbales" volume="0.333333" pan="0.000000" pitch_over_range="true" play_mode="normal" play_loop="no" play_reverse="no">
          <variation minveloc="0" maxveloc="127" sample="/home/woii/Sebkha-Chott/Stage/MAO/Samples/Percs/Derbouk1/Derbouk1_101-127.wav" sampleRelative="Percs/Derbouk1/Derbouk1_101-127.wav"/>
        </instrument>
        <instrument name="BKickSnare" minnote="50" maxnote="50" rootnote="50" rootnotefine="0.000000" channel="10" cut="-1" polyphony="0" output="Snares" volume="1.030000" pan="-0.000000" pitch_over_range="true" play_mode="normal" play_loop="no" play_reverse="no">
          <variation minveloc="0" maxveloc="127" sample="/home/woii/Sebkha-Chott/Stage/MAO/Samples/Snares/GunShot1/GunShot1_101-127.wav" sampleRelative="Snares/GunShot1/GunShot1_101-127.wav"/>
        </instrument>
        <instrument name="QKick1" minnote="52" maxnote="52" rootnote="52" rootnotefine="0.000000" channel="10" cut="-1" polyphony="0" output="Kicks" volume="0.520000" pan="0.250000" pitch_over_range="true" play_mode="normal" play_loop="no" play_reverse="no">
          <variation minveloc="0" maxveloc="127" sample="/home/woii/Sebkha-Chott/Stage/MAO/Samples/Kicks/BKick1/BKick1_101-127.wav" sampleRelative="Kicks/BKick1/BKick1_101-127.wav"/>
        </instrument>
        <instrument name="QKick2" minnote="53" maxnote="53" rootnote="53" rootnotefine="0.000000" channel="10" cut="-1" polyphony="0" output="Kicks" volume="0.523333" pan="-0.240000" pitch_over_range="true" play_mode="normal" play_loop="no" play_reverse="no">
          <variation minveloc="0" maxveloc="127" sample="/home/woii/Sebkha-Chott/Stage/MAO/Samples/Kicks/BKick2/BKick2_101-127.wav" sampleRelative="Kicks/BKick2/BKick2_101-127.wav"/>
        </instrument>
        <instrument name="QKick3" minnote="54" maxnote="54" rootnote="54" rootnotefine="0.000000" channel="10" cut="-1" polyphony="0" output="Kicks" volume="0.486666" pan="0.230000" pitch_over_range="true" play_mode="normal" play_loop="no" play_reverse="no">
          <variation minveloc="0" maxveloc="127" sample="/home/woii/Sebkha-Chott/Stage/MAO/Samples/Kicks/BKick3/BKick3_101-127.wav" sampleRelative="Kicks/BKick3/BKick3_101-127.wav"/>
        </instrument>
        <instrument name="QKick4" minnote="55" maxnote="55" rootnote="55" rootnotefine="0.000000" channel="10" cut="-1" polyphony="0" output="Kicks" volume="0.466666" pan="-0.260000" pitch_over_range="true" play_mode="normal" play_loop="no" play_reverse="no">
          <variation minveloc="0" maxveloc="127" sample="/home/woii/Sebkha-Chott/Stage/MAO/Samples/Kicks/BKick4/BKick4_101-127.wav" sampleRelative="Kicks/BKick4/BKick4_101-127.wav"/>
        </instrument>
        <instrument name="QClap1" minnote="60" maxnote="60" rootnote="60" rootnotefine="0.000000" channel="10" cut="-1" polyphony="0" output="Snares" volume="1.050000" pan="0.000000" pitch_over_range="true" play_mode="normal" play_loop="no" play_reverse="no">
          <variation minveloc="0" maxveloc="127" sample="/home/woii/Sebkha-Chott/Stage/MAO/Samples/Snares/QClap1/Qclap1_101-127.flac" sampleRelative="Snares/QClap1/Qclap1_101-127.flac"/>
        </instrument>
        <instrument name="QClap2" minnote="62" maxnote="62" rootnote="62" rootnotefine="0.000000" channel="10" cut="-1" polyphony="0" output="Snares" volume="1.050000" pan="0.000000" pitch_over_range="true" play_mode="normal" play_loop="no" play_reverse="no">
          <variation minveloc="0" maxveloc="127" sample="/home/woii/Sebkha-Chott/Stage/MAO/Samples/Snares/QClap2/QClap2_101-127.wav" sampleRelative="Snares/QClap2/QClap2_101-127.wav"/>
        </instrument>
        <instrument name="TriggyKick" minnote="56" maxnote="56" rootnote="56" rootnotefine="0.000000" channel="10" cut="-1" polyphony="0" output="Kicks" volume="0.463333" pan="0.000000" pitch_over_range="true" play_mode="normal" play_loop="no" play_reverse="no">
          <variation minveloc="0" maxveloc="127" sample="/home/woii/Sebkha-Chott/Stage/MAO/Samples/Kicks/FX_Kick1/FX_Kick1_101-127.wav" sampleRelative="Kicks/FX_Kick1/FX_Kick1_101-127.wav"/>
        </instrument>
        <instrument name="NKick" minnote="58" maxnote="58" rootnote="58" rootnotefine="0.000000" channel="10" cut="-1" polyphony="0" output="Kicks" volume="0.393333" pan="0.000000" pitch_over_range="true" play_mode="normal" play_loop="no" play_reverse="no">
          <variation minveloc="0" maxveloc="127" sample="/home/woii/Sebkha-Chott/Stage/MAO/Samples/Toms/Toung1/Toung1_101-127.wav" sampleRelative="Toms/Toung1/Toung1_101-127.wav"/>
        </instrument>
        <instrument name="ShortSnare" minnote="65" maxnote="65" rootnote="65" rootnotefine="0.000000" channel="10" cut="-1" polyphony="0" output="Snares" volume="0.530000" pan="0.000000" pitch_over_range="true" play_mode="normal" play_loop="no" play_reverse="no">
          <variation minveloc="0" maxveloc="127" sample="/home/woii/Sebkha-Chott/Stage/MAO/Samples/Snares/SN_seche1/SN_seche1_101-127.wav" sampleRelative="Snares/SN_seche1/SN_seche1_101-127.wav"/>
        </instrument>
        <instrument name="VstructCymb" minnote="83" maxnote="83" rootnote="83" rootnotefine="0.000000" channel="10" cut="-1" polyphony="0" output="Cymbales" volume="0.640000" pan="0.000000" pitch_over_range="true" play_mode="normal" play_loop="no" play_reverse="no">
          <variation minveloc="0" maxveloc="127" sample="/home/woii/Sebkha-Chott/Stage/MAO/Samples/Cymbales/Ring2/Ring2_101-127.wav" sampleRelative="Cymbales/Ring2/Ring2_101-127.wav"/>
        </instrument>
        <instrument name="LKick" minnote="57" maxnote="57" rootnote="57" rootnotefine="0.000000" channel="10" cut="-1" polyphony="0" output="Kicks" volume="0.800000" pan="0.000000" pitch_over_range="true" play_mode="normal" play_loop="no" play_reverse="no">
          <variation minveloc="0" maxveloc="127" sample="/home/woii/Sebkha-Chott/Stage/MAO/Samples/Kicks/eKick1/eKick1_101-127.wav" sampleRelative="Kicks/eKick1/eKick1_101-127.wav"/>
        </instrument>
        <instrument name="CerbPeche" minnote="72" maxnote="72" rootnote="72" rootnotefine="0.000000" channel="10" cut="-1" polyphony="0" output="Cymbales" volume="0.333333" pan="0.000000" pitch_over_range="true" play_mode="normal" play_loop="no" play_reverse="no">
          <variation minveloc="0" maxveloc="127" sample="/home/woii/Sebkha-Chott/Stage/MAO/Samples/Cymbales/Cerberus_Peche/Cerberus_Peche_101-127.wav" sampleRelative="Cymbales/Cerberus_Peche/Cerberus_Peche_101-127.wav"/>
        </instrument>
        <instrument name="CerbCont1" minnote="84" maxnote="84" rootnote="84" rootnotefine="0.000000" channel="10" cut="-1" polyphony="0" output="Continua" volume="0.410000" pan="-0.530000" pitch_over_range="true" play_mode="trigger" play_loop="no" play_reverse="no">
          <variation minveloc="0" maxveloc="127" sample="/home/woii/Sebkha-Chott/Stage/MAO/Samples/Samples/CerbCont1/CerbCont1_101-127.wav" sampleRelative="Samples/CerbCont1/CerbCont1_101-127.wav"/>
        </instrument>
        <instrument name="CerbCont2" minnote="86" maxnote="86" rootnote="86" rootnotefine="0.000000" channel="10" cut="-1" polyphony="0" output="Continua" volume="0.410000" pan="0.690000" pitch_over_range="true" play_mode="trigger" play_loop="no" play_reverse="no">
          <variation minveloc="0" maxveloc="127" sample="/home/woii/Sebkha-Chott/Stage/MAO/Samples/Samples/CerbCont2/CerbCont2_101-127.wav" sampleRelative="Samples/CerbCont2/CerbCont2_101-127.wav"/>
        </instrument>
        <instrument name="CerbCont3" minnote="88" maxnote="88" rootnote="88" rootnotefine="0.000000" channel="10" cut="-1" polyphony="0" output="Continua" volume="0.390000" pan="-0.650000" pitch_over_range="true" play_mode="trigger" play_loop="no" play_reverse="no">
          <variation minveloc="0" maxveloc="127" sample="/home/woii/Sebkha-Chott/Stage/MAO/Samples/Samples/CerbCont3/CerbCont3_101-127.wav" sampleRelative="Samples/CerbCont3/CerbCont3_101-127.wav"/>
        </instrument>
        <instrument name="CerbCont4" minnote="89" maxnote="89" rootnote="89" rootnotefine="0.000000" channel="10" cut="-1" polyphony="0" output="Continua" volume="0.440000" pan="0.600000" pitch_over_range="true" play_mode="trigger" play_loop="no" play_reverse="no">
          <variation minveloc="0" maxveloc="127" sample="/home/woii/Sebkha-Chott/Stage/MAO/Samples/Samples/CerbCont4/CerbCont4_101-127.wav" sampleRelative="Samples/CerbCont4/CerbCont4_101-127.wav"/>
        </instrument>
        <instrument name="CerbCont5" minnote="91" maxnote="91" rootnote="91" rootnotefine="0.000000" channel="10" cut="-1" polyphony="0" output="Continua" volume="0.420000" pan="-0.740000" pitch_over_range="true" play_mode="trigger" play_loop="no" play_reverse="no">
          <variation minveloc="0" maxveloc="127" sample="/home/woii/Sebkha-Chott/Stage/MAO/Samples/Samples/CerbCont5/CerbCont5_101-127.wav" sampleRelative="Samples/CerbCont5/CerbCont5_101-127.wav"/>
        </instrument>
        <instrument name="CerbCont6" minnote="93" maxnote="93" rootnote="93" rootnotefine="0.000000" channel="10" cut="-1" polyphony="0" output="Continua" volume="0.430000" pan="0.690000" pitch_over_range="true" play_mode="trigger" play_loop="no" play_reverse="no">
          <variation minveloc="0" maxveloc="127" sample="/home/woii/Sebkha-Chott/Stage/MAO/Samples/Samples/CerbCont6/CerbCont6_101-127.wav" sampleRelative="Samples/CerbCont6/CerbCont6_101-127.wav"/>
        </instrument>
        <instrument name="FlamCont" minnote="95" maxnote="119" rootnote="107" rootnotefine="0.000000" channel="10" cut="-1" polyphony="0" output="Continua" volume="0.990000" pan="0.000000" pitch_over_range="true" play_mode="normal" play_loop="no" play_reverse="no">
          <variation minveloc="0" maxveloc="127" sample="/home/woii/Sebkha-Chott/Stage/MAO/Samples/Samples/Tabla/tabla_pattern.wav" sampleRelative="Samples/Tabla/tabla_pattern.wav"/>
        </instrument>
        <instrument name="LocoRail" minnote="37" maxnote="37" rootnote="37" rootnotefine="0.000000" channel="10" cut="-1" polyphony="0" output="Kicks" volume="1.000000" pan="0.920000" pitch_over_range="true" play_mode="trigger" play_loop="no" play_reverse="no">
          <variation minveloc="0" maxveloc="127" sample="/home/woii/Sebkha-Chott/Stage/MAO/Samples/Samples/TrainsYS/Roues_101-127.wav" sampleRelative="Samples/TrainsYS/Roues_101-127.wav"/>
        </instrument>
        <instrument name="LocoDecompLow" minnote="38" maxnote="38" rootnote="38" rootnotefine="0.000000" channel="10" cut="-1" polyphony="0" output="Cymbales" volume="0.403333" pan="0.000000" pitch_over_range="true" play_mode="trigger" play_loop="no" play_reverse="no">
          <variation minveloc="0" maxveloc="127" sample="/home/woii/Sebkha-Chott/Stage/MAO/Samples/Samples/TrainsYS/DecLow_101-127.wav" sampleRelative="Samples/TrainsYS/DecLow_101-127.wav"/>
        </instrument>
        <instrument name="LocoDecompMid" minnote="39" maxnote="39" rootnote="39" rootnotefine="0.000000" channel="10" cut="-1" polyphony="0" output="Cymbales" volume="0.390000" pan="-0.420000" pitch_over_range="true" play_mode="trigger" play_loop="no" play_reverse="no">
          <variation minveloc="0" maxveloc="127" sample="/home/woii/Sebkha-Chott/Stage/MAO/Samples/Samples/TrainsYS/DecMed_101-127.wav" sampleRelative="Samples/TrainsYS/DecMed_101-127.wav"/>
        </instrument>
        <instrument name="LocoDecompHigh" minnote="40" maxnote="41" rootnote="40" rootnotefine="0.000000" channel="10" cut="-1" polyphony="0" output="Cymbales" volume="0.833333" pan="1.000000" pitch_over_range="true" play_mode="trigger" play_loop="no" play_reverse="no">
          <variation minveloc="0" maxveloc="127" sample="/home/woii/Sebkha-Chott/Stage/MAO/Samples/Samples/TrainsYS/DecHigh_101-127.wav" sampleRelative="Samples/TrainsYS/DecHigh_101-127.wav"/>
        </instrument>
        <instrument name="Voix_MDO_Low" minnote="13" maxnote="13" rootnote="13" rootnotefine="0.000000" channel="10" cut="-1" polyphony="0" output="Samples" volume="1.000000" pan="0.000000" pitch_over_range="true" play_mode="normal" play_loop="no" play_reverse="no">
          <variation minveloc="0" maxveloc="127" sample="/home/woii/Sebkha-Chott/Stage/MAO/Samples/Samples_Orl/Malicouille/MDO_Vx_Low.wav" sampleRelative="Samples_Orl/Malicouille/MDO_Vx_Low.wav"/>
        </instrument>
        <instrument name="Voix_MDO_High" minnote="14" maxnote="14" rootnote="14" rootnotefine="0.000000" channel="10" cut="-1" polyphony="0" output="Samples" volume="1.000000" pan="0.000000" pitch_over_range="true" play_mode="normal" play_loop="no" play_reverse="no">
          <variation minveloc="0" maxveloc="127" sample="/home/woii/Sebkha-Chott/Stage/MAO/Samples/Samples_Orl/Malicouille/MDO_Vx_High.wav" sampleRelative="Samples_Orl/Malicouille/MDO_Vx_High.wav"/>
        </instrument>
        <instrument name="Vx_Ania" minnote="16" maxnote="22" rootnote="19" rootnotefine="0.000000" channel="10" cut="-1" polyphony="0" output="Samples" volume="1.000000" pan="0.000000" pitch_over_range="true" play_mode="trigger" play_loop="no" play_reverse="no">
          <variation minveloc="0" maxveloc="127" sample="/home/woii/Sebkha-Chott/Stage/MAO/Samples/Samples_Orl/Malicouille/Refrain_Vx_slave.wav" sampleRelative="Samples_Orl/Malicouille/Refrain_Vx_slave.wav"/>
        </instrument>
        <instrument name="Orage" minnote="15" maxnote="15" rootnote="15" rootnotefine="0.000000" channel="10" cut="-1" polyphony="0" output="Samples" volume="1.000000" pan="0.000000" pitch_over_range="true" play_mode="trigger" play_loop="no" play_reverse="no">
          <variation minveloc="0" maxveloc="127" sample="/home/woii/Sebkha-Chott/Stage/MAO/Samples/Samples_Orl/Malicouille/Mx_Orage.wav" sampleRelative="Samples_Orl/Malicouille/Mx_Orage.wav"/>
        </instrument>
        <instrument name="Sabra_Femmes" minnote="23" maxnote="23" rootnote="23" rootnotefine="0.000000" channel="10" cut="-1" polyphony="0" output="Samples" volume="1.010000" pan="0.000000" pitch_over_range="true" play_mode="trigger" play_loop="no" play_reverse="no">
          <variation minveloc="0" maxveloc="127" sample="/home/woii/Sebkha-Chott/Stage/MAO/Samples/Samples_Orl/Sabra/bashir_sabra.wav" sampleRelative="Samples_Orl/Sabra/bashir_sabra.wav"/>
        </instrument>
        <instrument name="Ping" minnote="82" maxnote="82" rootnote="82" rootnotefine="0.000000" channel="10" cut="-1" polyphony="0" output="Cymbales" volume="0.333333" pan="0.000000" pitch_over_range="true" play_mode="normal" play_loop="no" play_reverse="no">
          <variation minveloc="0" maxveloc="127" sample="/home/woii/Sebkha-Chott/Stage/MAO/Samples/Cymbales/Ping1/Dr_Cymb_Ping1_101-127.wav" sampleRelative="Cymbales/Ping1/Dr_Cymb_Ping1_101-127.wav"/>
        </instrument>
        <instrument name="Foule" minnote="61" maxnote="61" rootnote="61" rootnotefine="0.000000" channel="10" cut="-1" polyphony="0" output="Samples" volume="1.000000" pan="0.000000" pitch_over_range="true" play_mode="trigger" play_loop="no" play_reverse="no">
          <variation minveloc="0" maxveloc="127" sample="/home/woii/Sebkha-Chott/Stage/MAO/Samples/Samples/foule.wav" sampleRelative="Samples/foule.wav"/>
        </instrument>
        <instrument name="CajonBas" minnote="70" maxnote="70" rootnote="70" rootnotefine="0.000000" channel="10" cut="-1" polyphony="0" output="Kicks" volume="1.000000" pan="0.000000" pitch_over_range="true" play_mode="trigger" play_loop="no" play_reverse="no">
          <variation minveloc="0" maxveloc="127" sample="/home/woii/Sebkha-Chott/Stage/MAO/Samples/Cajon/cajonBas.wav" sampleRelative="Cajon/cajonBas.wav"/>
        </instrument>
        <instrument name="CajonHaut" minnote="71" maxnote="71" rootnote="71" rootnotefine="0.000000" channel="10" cut="-1" polyphony="0" output="Snares" volume="1.000000" pan="0.000000" pitch_over_range="true" play_mode="trigger" play_loop="no" play_reverse="no">
          <variation minveloc="0" maxveloc="127" sample="/home/woii/Sebkha-Chott/Stage/MAO/Samples/Cajon/cajonHaut.wav" sampleRelative="Cajon/cajonHaut.wav"/>
        </instrument>
        <instrument name="CajonGhost" minnote="69" maxnote="69" rootnote="69" rootnotefine="0.000000" channel="10" cut="-1" polyphony="0" output="Snares" volume="1.000000" pan="0.000000" pitch_over_range="true" play_mode="trigger" play_loop="no" play_reverse="no">
          <variation minveloc="0" maxveloc="127" sample="/home/woii/Sebkha-Chott/Stage/MAO/Samples/Cajon/cajonGhost.wav" sampleRelative="Cajon/cajonGhost.wav"/>
        </instrument>
        <instrument name="NatKick1" minnote="66" maxnote="66" rootnote="66" rootnotefine="0.000000" channel="10" cut="-1" polyphony="0" output="Kicks" volume="2.090000" pan="0.000000" pitch_over_range="true" play_mode="normal" play_loop="no" play_reverse="no">
          <variation minveloc="0" maxveloc="127" sample="/home/woii/Sebkha-Chott/Stage/MAO/Samples/Cymbales/NatKick/NatKick_1.flac" sampleRelative="Cymbales/NatKick/NatKick_1.flac"/>
        </instrument>
        <instrument name="NatKick2" minnote="68" maxnote="68" rootnote="68" rootnotefine="0.000000" channel="10" cut="-1" polyphony="0" output="Kicks" volume="2.070000" pan="0.000000" pitch_over_range="true" play_mode="normal" play_loop="no" play_reverse="no">
          <variation minveloc="0" maxveloc="127" sample="/home/woii/Sebkha-Chott/Stage/MAO/Samples/Cymbales/NatKick/NatKick_2.flac" sampleRelative="Cymbales/NatKick/NatKick_2.flac"/>
        </instrument>
        <instrument name="NatKick3" minnote="67" maxnote="67" rootnote="67" rootnotefine="0.000000" channel="10" cut="-1" polyphony="0" output="Kicks" volume="2.060000" pan="0.000000" pitch_over_range="true" play_mode="normal" play_loop="no" play_reverse="no">
          <variation minveloc="0" maxveloc="127" sample="/home/woii/Sebkha-Chott/Stage/MAO/Samples/Cymbales/NatKick/NatKick_3.flac" sampleRelative="Cymbales/NatKick/NatKick_3.flac"/>
        </instrument>
        <instrument name="HadGadya" minnote="24" maxnote="35" rootnote="28" rootnotefine="0.000000" channel="10" cut="-1" polyphony="0" output="Samples" volume="1.000000" pan="0.000000" pitch_over_range="true" play_mode="trigger" play_loop="no" play_reverse="no">
          <variation minveloc="0" maxveloc="127" sample="/home/woii/Sebkha-Chott/Stage/MAO/Samples/Samples/HadGadia.flac" sampleRelative="Samples/HadGadia.flac"/>
        </instrument>
      </kit>
    </setup>
  </creation>
</tapeutape>
